// Jest Snapshot v1, https://goo.gl/fbAQLP

exports[`Check if Navbar renders correctly 1`] = `
<nav
  className="navBar"
>
  <div
    className="logoContainer"
  >
    <img
      alt="planet logo"
      className="logo"
      src="planet.png"
    />
    <span
      className="logoTitle"
    >
      Space Travelers' Hub
    </span>
  </div>
  <ul
    className="rightLinks"
  >
    <li>
      <a
        aria-current="page"
        className="active"
        href="/"
        onClick={[Function]}
      >
        Rockets
      </a>
    </li>
    <li>
      <a
        className="missions"
        href="/missions"
        onClick={[Function]}
      >
        Missions
      </a>
    </li>
    <li>
      <a
        className=""
        href="/my_profile"
        onClick={[Function]}
      >
        My Profile
      </a>
    </li>
  </ul>
</nav>
`;
