// Jest Snapshot v1, https://goo.gl/fbAQLP

exports[`renders page to DOM and we test functionality renders the Rocketcard Correctly in the DOM 1`] = `<rockets />`;
